<testsuites id="" name="" tests="7" failures="1" skipped="0" errors="0" time="13.164508">
<testsuite name="e2e/smoke.spec.ts" timestamp="2026-02-07T23:30:59.697Z" hostname="chromium" tests="7" failures="1" skipped="0" time="5.441" errors="0">
<testcase name="Homepage Smoke Tests › should load the homepage" classname="e2e/smoke.spec.ts" time="0.709">
</testcase>
<testcase name="Homepage Smoke Tests › should have no accessibility violations" classname="e2e/smoke.spec.ts" time="1.214">
<failure message="smoke.spec.ts:12:3 should have no accessibility violations" type="FAILURE">
<![CDATA[  [chromium] › e2e/smoke.spec.ts:12:3 › Homepage Smoke Tests › should have no accessibility violations 

    Error: Accessibility violations found:
    [
      {
        "rule": "color-contrast",
        "impact": "serious",
        "description": "Ensure the contrast between foreground and background colors meets WCAG 2 AA minimum contrast ratio thresholds",
        "nodes": 30,
        "targets": [
          ".text-center:nth-child(1) > .text-background\\/40.label-caps",
          ".text-center:nth-child(2) > .text-background\\/40.label-caps",
          ".text-center:nth-child(3) > .text-background\\/40.label-caps"
        ]
      }
    ]

    expect(received).toHaveLength(expected)

    Expected length: 0
    Received length: 1
    Received array:  [{"description": "Ensure the contrast between foreground and background colors meets WCAG 2 AA minimum contrast ratio thresholds", "impact": "serious", "nodes": 30, "rule": "color-contrast", "targets": [".text-center:nth-child(1) > .text-background\\/40.label-caps", ".text-center:nth-child(2) > .text-background\\/40.label-caps", ".text-center:nth-child(3) > .text-background\\/40.label-caps"]}]

       at support/helpers/a11y.ts:25

      23 |   }))
      24 |
    > 25 |   expect(violations, `Accessibility violations found:\n${JSON.stringify(violations, null, 2)}`).toHaveLength(0)
         |                                                                                                 ^
      26 | }
      27 |
        at expectAccessible (/Users/jay/Code/astro-shadcn-sanity/tests/support/helpers/a11y.ts:25:97)
        at /Users/jay/Code/astro-shadcn-sanity/tests/e2e/smoke.spec.ts:15:5

    attachment #1: screenshot (image/png) ──────────────────────────────────────────────────────────
    ../test-results/e2e-smoke-Homepage-Smoke-T-51e84-no-accessibility-violations-chromium/test-failed-1.png
    ────────────────────────────────────────────────────────────────────────────────────────────────

    attachment #2: video (video/webm) ──────────────────────────────────────────────────────────────
    ../test-results/e2e-smoke-Homepage-Smoke-T-51e84-no-accessibility-violations-chromium/video-1.webm
    ────────────────────────────────────────────────────────────────────────────────────────────────

    attachment #3: video (video/webm) ──────────────────────────────────────────────────────────────
    ../test-results/e2e-smoke-Homepage-Smoke-T-51e84-no-accessibility-violations-chromium/video.webm
    ────────────────────────────────────────────────────────────────────────────────────────────────

    Error Context: ../test-results/e2e-smoke-Homepage-Smoke-T-51e84-no-accessibility-violations-chromium/error-context.md
]]>
</failure>
<system-out>
<![CDATA[
[[ATTACHMENT|e2e-smoke-Homepage-Smoke-T-51e84-no-accessibility-violations-chromium/test-failed-1.png]]

[[ATTACHMENT|e2e-smoke-Homepage-Smoke-T-51e84-no-accessibility-violations-chromium/video-1.webm]]

[[ATTACHMENT|e2e-smoke-Homepage-Smoke-T-51e84-no-accessibility-violations-chromium/video.webm]]

[[ATTACHMENT|e2e-smoke-Homepage-Smoke-T-51e84-no-accessibility-violations-chromium/error-context.md]]
]]>
</system-out>
</testcase>
<testcase name="Homepage Smoke Tests › should have valid meta tags for SEO" classname="e2e/smoke.spec.ts" time="0.718">
</testcase>
<testcase name="Navigation › should render header and footer" classname="e2e/smoke.spec.ts" time="0.844">
</testcase>
<testcase name="Navigation › should have working navigation links" classname="e2e/smoke.spec.ts" time="0.535">
</testcase>
<testcase name="Performance Baseline › should load without console errors" classname="e2e/smoke.spec.ts" time="0.976">
</testcase>
<testcase name="Performance Baseline › should load within performance budget" classname="e2e/smoke.spec.ts" time="0.445">
</testcase>
</testsuite>
</testsuites>